# serializer version: 1
# name: test_diagnostics_snapshot
  dict({
    'attribution': 'Data: nextbike GmbH, CC0-1.0',
    'coordinator': dict({
      'battery_samples_count': 0,
      'bikes_available_count': 29,
      'docks_available_count': 0,
      'last_exception': 'None',
      'last_update_success': True,
      'station_id': '68577989',
      'system_id': 'nextbike_wr',
      'update_interval': '0:01:00',
      'vehicle_types_count': 2,
    }),
    'entry': dict({
      'data': dict({
        'scan_interval': 60,
        'station_id': '68577989',
        'station_name': 'Hoher Markt',
        'system_id': 'nextbike_wr',
      }),
      'options': dict({
      }),
      'title': 'Hoher Markt',
      'version': 1,
    }),
  })
# ---
